// Jest Snapshot v1, https://goo.gl/fbAQLP

exports[`MyComponent should render correctly in "debug" mode 1`] = `
ShallowWrapper {
  Symbol(enzyme.__root__): [Circular],
  Symbol(enzyme.__unrendered__): <WithFormik(Function)
    setFilterPlayers={[Function]}
/>,
  Symbol(enzyme.__renderer__): Object {
    "batchedUpdates": [Function],
    "checkPropTypes": [Function],
    "getNode": [Function],
    "render": [Function],
    "simulateError": [Function],
    "simulateEvent": [Function],
    "unmount": [Function],
  },
  Symbol(enzyme.__node__): Object {
    "instance": null,
    "key": undefined,
    "nodeType": "class",
    "props": Object {
      "enableReinitialize": false,
      "handleSubmit": [Function],
      "initialStatus": undefined,
      "initialValues": Object {
        "age": "",
        "name": "",
        "position": "position",
      },
      "isInitialValid": false,
      "onSubmit": [Function],
      "render": [Function],
      "setFilterPlayers": [Function],
      "validate": undefined,
      "validateOnBlur": true,
      "validateOnChange": true,
      "validationSchema": [Function],
    },
    "ref": null,
    "rendered": null,
    "type": [Function],
  },
  Symbol(enzyme.__nodes__): Array [
    Object {
      "instance": null,
      "key": undefined,
      "nodeType": "class",
      "props": Object {
        "enableReinitialize": false,
        "handleSubmit": [Function],
        "initialStatus": undefined,
        "initialValues": Object {
          "age": "",
          "name": "",
          "position": "position",
        },
        "isInitialValid": false,
        "onSubmit": [Function],
        "render": [Function],
        "setFilterPlayers": [Function],
        "validate": undefined,
        "validateOnBlur": true,
        "validateOnChange": true,
        "validationSchema": [Function],
      },
      "ref": null,
      "rendered": null,
      "type": [Function],
    },
  ],
  Symbol(enzyme.__options__): Object {
    "adapter": ReactSixteenAdapter {
      "options": Object {
        "enableComponentDidUpdateOnSetState": true,
        "legacyContextMode": "parent",
        "lifecycles": Object {
          "componentDidUpdate": Object {
            "onSetState": true,
          },
          "getChildContext": Object {
            "calledByRenderer": false,
          },
          "getDerivedStateFromError": true,
          "getDerivedStateFromProps": Object {
            "hasShouldComponentUpdateBug": false,
          },
          "getSnapshotBeforeUpdate": true,
          "setState": Object {
            "skipsComponentDidUpdateOnNullish": true,
          },
        },
      },
    },
  },
  Symbol(enzyme.__childContext__): null,
}
`;
